// Jest Snapshot v1, https://goo.gl/fbAQLP

exports[`<Modal /> should show props 1`] = `
<DocumentFragment>
  <div
    class="modal-wrapper"
    data-testid="modal-wrapper"
  >
    <div
      class="overlay"
      data-testid="overlay"
    />
    <div
      class="modal"
    >
      <div
        class="modal-heading"
      >
        <h3>
          Custom Modal
        </h3>
        <div
          class="close"
          data-testid="close-button"
        >
          <svg
            fill="currentColor"
            height="1em"
            stroke="currentColor"
            stroke-width="0"
            viewBox="0 0 24 24"
            width="1em"
            xmlns="http://www.w3.org/2000/svg"
          >
            <path
              d="M7,7 L17,17 M7,17 L17,7"
              fill="none"
              stroke="#000"
              stroke-width="2"
            />
          </svg>
        </div>
      </div>
      <div
        class="modal-content"
      >
        <p>
          Lorem ipsum dolor sit amet consectetur adipisicing elit. Distinctio a at eaque atque impedit, voluptates doloribus deleniti consequatur modi nemo cupiditate eligendi ipsam voluptatem sint maxime explicabo alias. Eligendi, pariatur.
        </p>
        <p>
          Modal is open
        </p>
      </div>
      <div
        class="modal-footer"
      />
    </div>
  </div>
</DocumentFragment>
`;
