// Jest Snapshot v1, https://goo.gl/fbAQLP

exports[`<Dropdown /> should show dropdown list 1`] = `
<DocumentFragment>
  <div
    class="dropdown-container"
    data-testid="dropdown-container"
  >
    <div
      class="input-container"
      data-testid="input-container"
    >
      <input
        data-testid="input"
        placeholder="Select an option"
        type="text"
        value="Banana"
      />
      <div
        class="input-arrow-container"
      >
        <svg
          class="input-arrow"
          fill="currentColor"
          height="1em"
          stroke="currentColor"
          stroke-width="0"
          viewBox="0 0 448 512"
          width="1em"
          xmlns="http://www.w3.org/2000/svg"
        >
          <path
            d="M201.4 342.6c12.5 12.5 32.8 12.5 45.3 0l160-160c12.5-12.5 12.5-32.8 0-45.3s-32.8-12.5-45.3 0L224 274.7 86.6 137.4c-12.5-12.5-32.8-12.5-45.3 0s-12.5 32.8 0 45.3l160 160z"
          />
        </svg>
      </div>
    </div>
  </div>
</DocumentFragment>
`;

exports[`<Dropdown /> should show props 1`] = `
<DocumentFragment>
  <div
    class="dropdown-container"
    data-testid="dropdown-container"
  >
    <div
      class="input-container"
      data-testid="input-container"
    >
      <input
        data-testid="input"
        placeholder="Select an option"
        type="text"
        value="Banana"
      />
      <div
        class="input-arrow-container"
      >
        <svg
          class="input-arrow"
          fill="currentColor"
          height="1em"
          stroke="currentColor"
          stroke-width="0"
          viewBox="0 0 448 512"
          width="1em"
          xmlns="http://www.w3.org/2000/svg"
        >
          <path
            d="M201.4 342.6c12.5 12.5 32.8 12.5 45.3 0l160-160c12.5-12.5 12.5-32.8 0-45.3s-32.8-12.5-45.3 0L224 274.7 86.6 137.4c-12.5-12.5-32.8-12.5-45.3 0s-12.5 32.8 0 45.3l160 160z"
          />
        </svg>
      </div>
    </div>
  </div>
</DocumentFragment>
`;
